<!DOCTYPE html>
<html>
  <head>
    <title>TestDoc</title>
  </head>
  <body></body>
</html>
